2013-12-05 14:02:14,476 - mylogger - INFO - foorbar
2013-12-05 14:02:28,875 - mylogger - INFO - foorbar
